// Jest Snapshot v1, https://goo.gl/fbAQLP

exports[`Validation unit tests getValidationSchema tests Should return validation schema 1`] = `Array []`;

exports[`Validation unit tests getValidationSchema tests Should return validation schema 2`] = `Array []`;

exports[`Validation unit tests getValidationSchema tests Should return validation schema 3`] = `
Array [
  "amount",
  "currency1",
  "currency2",
  "buyer_email",
]
`;

exports[`Validation unit tests getValidationSchema tests Should return validation schema 4`] = `
Array [
  "currency",
]
`;

exports[`Validation unit tests getValidationSchema tests Should return validation schema 5`] = `
Array [
  "txid",
]
`;

exports[`Validation unit tests getValidationSchema tests Should return validation schema 6`] = `
Array [
  "txid",
]
`;

exports[`Validation unit tests getValidationSchema tests Should return validation schema 7`] = `Array []`;

exports[`Validation unit tests getValidationSchema tests Should return validation schema 8`] = `Array []`;

exports[`Validation unit tests getValidationSchema tests Should return validation schema 9`] = `
Array [
  "currency",
]
`;

exports[`Validation unit tests getValidationSchema tests Should return validation schema 10`] = `
Array [
  "amount",
  "currency",
  Array [
    "merchant",
    "pbntag",
  ],
]
`;

exports[`Validation unit tests getValidationSchema tests Should return validation schema 11`] = `
Array [
  "amount",
  "currency",
  Array [
    "address",
    "pbntag",
    "domain",
  ],
]
`;

exports[`Validation unit tests getValidationSchema tests Should return validation schema 12`] = `Array []`;

exports[`Validation unit tests getValidationSchema tests Should return validation schema 13`] = `
Array [
  "id",
]
`;

exports[`Validation unit tests getValidationSchema tests Should return validation schema 14`] = `
Array [
  "amount",
  "from",
  "to",
]
`;

exports[`Validation unit tests getValidationSchema tests Should return validation schema 15`] = `
Array [
  "from",
  "to",
]
`;

exports[`Validation unit tests getValidationSchema tests Should return validation schema 16`] = `Array []`;

exports[`Validation unit tests getValidationSchema tests Should return validation schema 17`] = `
Array [
  "id",
]
`;

exports[`Validation unit tests getValidationSchema tests Should return validation schema 18`] = `
Array [
  "id",
]
`;

exports[`Validation unit tests getValidationSchema tests Should return validation schema 19`] = `
Array [
  "pbntag",
]
`;

exports[`Validation unit tests getValidationSchema tests Should return validation schema 20`] = `Array []`;

exports[`Validation unit tests getValidationSchema tests Should return validation schema 21`] = `
Array [
  "coin",
]
`;

exports[`Validation unit tests getValidationSchema tests Should return validation schema 22`] = `
Array [
  "tagid",
  "name",
]
`;

exports[`Validation unit tests getValidationSchema tests Should return validation schema 23`] = `
Array [
  "tagid",
]
`;

exports[`Validation unit tests getValidationSchema tests Should return validation schema 24`] = `
Array [
  "tagid",
  "coin",
]
`;

exports[`Validation unit tests getValidationSchema tests Should return validation schema 25`] = `
Array [
  "tagid",
]
`;

exports[`Validation unit tests getValidationSchema tests Should return validation schema 26`] = `
Array [
  "coupon",
]
`;

exports[`Validation unit tests getVariations tests Should return array on no variation 1`] = `
Array [
  Array [
    "prop1",
    "prop2",
    "prop3",
  ],
]
`;

exports[`Validation unit tests getVariations tests Should return array on variation 1`] = `
Array [
  Array [
    "prop1",
    "prop2",
    "prop3",
    "prop4a",
  ],
  Array [
    "prop1",
    "prop2",
    "prop3",
    "prop4b",
  ],
]
`;
